[2026-09-17T01:58:59Z] === ENRICH ITERATION 1 START | repo=PrefectHQ/prefect sha=0338db39 ===
[2026-09-17T01:58:59Z] [iter=1] PHASE START: enrich repo=PrefectHQ/prefect sha=0338db39 runlog=/home/runner/work/forx/forx/storage/aggregate/lsp/logs/0338db39-enrich-iter-001.log output=/home/runner/work/forx/forx/storage/aggregate/lsp/0338db3960aa578ce7e49e1db23d79af4baefd70.nq.gz
[2026-09-17T01:59:20Z] [iter=1] Step 1: Loading AST into disk-backed store mem_mb=79 MB
[2026-09-17T02:02:01Z] [iter=1] AST store loaded triples=13951116 load_secs=155 mem_mb=1140 MB
[2026-09-17T02:02:01Z] [iter=1] Step 2: Finding LSP targets mem_mb=1140 MB
[2026-09-17T02:02:44Z] [iter=1] LSP targets found call_sites=89631 imports=577 extends=219 implements=0 secs=43
[2026-09-17T02:03:20Z] [iter=1] Step 2.7: Building position index (one-shot, shared across resolvers) mem_mb=1140 MB
[2026-09-17T02:04:59Z] [iter=1] Position index built positions=962849 nodes_with_types=1228599 secs=99 mem_mb=2262 MB
[2026-09-17T02:04:59Z] [iter=1] Step 3: Starting LSP resolution mem_mb=2262 MB already_completed_types=[] already_completed_files=0
[2026-09-17T02:04:59Z] [iter=1] Resolving target type target_type=call_site count=89631
[2026-09-17T02:05:00Z] [iter=1] HEARTBEAT target_type=call_site elapsed_min=6.0 files_done=0 resolved=0 errors=0 current=tests/server/services/test_scheduler.py
[2026-09-17T02:05:49Z] [iter=1] HEARTBEAT target_type=call_site elapsed_min=6.8 files_done=2 resolved=93 errors=5 current=tests/test_flows.py
[2026-09-17T02:39:06Z] [iter=1] HEARTBEAT target_type=call_site elapsed_min=40.1 files_done=3 resolved=409 errors=336 current=tests/server/orchestration/api/test_run_history.py
[2026-09-17T02:42:16Z] [iter=1] HEARTBEAT target_type=call_site elapsed_min=43.3 files_done=4 resolved=553 errors=366 current=tests/server/orchestration/test_rules.py
[2026-09-17T02:57:55Z] [iter=1] HEARTBEAT target_type=call_site elapsed_min=58.9 files_done=5 resolved=764 errors=521 current=src/integrations/prefect-github/prefect_github/repository_owner.py
[2026-09-17T02:59:07Z] [iter=1] HEARTBEAT target_type=call_site elapsed_min=60.1 files_done=6 resolved=766 errors=533 current=tests/client/schemas/test_schedules.py
[2026-09-17T03:05:01Z] [iter=1] HEARTBEAT target_type=call_site elapsed_min=66.0 files_done=8 resolved=771 errors=533 current=src/prefect/testing/fixtures.py
[2026-09-17T03:06:41Z] [iter=1] HEARTBEAT target_type=call_site elapsed_min=67.7 files_done=9 resolved=805 errors=549 current=tests/server/orchestration/api/test_flow_run_graph_v2.py
[2026-09-17T03:08:00Z] [iter=1] HEARTBEAT target_type=call_site elapsed_min=69.0 files_done=10 resolved=853 errors=560 current=src/prefect/infrastructure/provisioners/ecs.py
[2026-09-17T03:16:05Z] [iter=1] HEARTBEAT target_type=call_site elapsed_min=77.1 files_done=11 resolved=995 errors=639 current=tests/server/schemas/test_schedules.py
[2026-09-17T03:16:56Z] [iter=1] HEARTBEAT target_type=call_site elapsed_min=77.9 files_done=13 resolved=1598 errors=642 current=src/integrations/prefect-databricks/prefect_databricks/models/jobs.py
[2026-09-17T03:18:32Z] [iter=1] HEARTBEAT target_type=call_site elapsed_min=79.6 files_done=15 resolved=2075 errors=657 current=tests/server/models/test_task_runs.py
[2026-09-17T03:22:12Z] [iter=1] HEARTBEAT target_type=call_site elapsed_min=83.2 files_done=18 resolved=2153 errors=693 current=src/prefect/server/schemas/filters.py
[2026-09-17T03:30:46Z] [iter=1] HEARTBEAT target_type=call_site elapsed_min=91.8 files_done=19 resolved=2520 errors=777 current=tests/infrastructure/provisioners/test_container_instance.py
[2026-09-17T03:32:17Z] [iter=1] HEARTBEAT target_type=call_site elapsed_min=93.3 files_done=21 resolved=2746 errors=786 current=tests/deployment/test_flow_runs.py
[2026-09-17T03:32:54Z] [iter=1] HEARTBEAT target_type=call_site elapsed_min=93.9 files_done=22 resolved=2772 errors=792 current=tests/blocks/test_abstract.py
[2026-09-17T03:37:49Z] [iter=1] HEARTBEAT target_type=call_site elapsed_min=98.8 files_done=23 resolved=2797 errors=841 current=src/integrations/prefect-github/prefect_github/mutations.py
[2026-09-17T03:43:24Z] [iter=1] HEARTBEAT target_type=call_site elapsed_min=104.4 files_done=24 resolved=2815 errors=897 current=src/prefect/states.py
[2026-09-17T03:50:37Z] [iter=1] HEARTBEAT target_type=call_site elapsed_min=111.6 files_done=25 resolved=2865 errors=969 current=src/prefect/settings.py
[2026-09-17T04:13:06Z] [iter=1] HEARTBEAT target_type=call_site elapsed_min=134.1 files_done=26 resolved=2978 errors=1193 current=src/prefect/server/api/flow_runs.py
[2026-09-17T04:19:44Z] [iter=1] HEARTBEAT target_type=call_site elapsed_min=140.8 files_done=27 resolved=2989 errors=1259 current=src/prefect/automations.py
[2026-09-17T04:21:27Z] [iter=1] HEARTBEAT target_type=call_site elapsed_min=142.5 files_done=28 resolved=2999 errors=1276 current=src/prefect/server/database/migrations/versions/postgresql/2022_11_24_143620_f7587d6c5776_add_worker_tables.py
[2026-09-17T04:23:03Z] [iter=1] HEARTBEAT target_type=call_site elapsed_min=144.1 files_done=29 resolved=2999 errors=1292 current=src/integrations/prefect-aws/prefect_aws/glue_job.py
[2026-09-17T04:23:40Z] [iter=1] HEARTBEAT target_type=call_site elapsed_min=144.7 files_done=30 resolved=3018 errors=1298 current=src/integrations/prefect-gcp/tests/projects/test_steps.py
[2026-09-17T04:24:29Z] [iter=1] HEARTBEAT target_type=call_site elapsed_min=145.5 files_done=31 resolved=3047 errors=1306 current=src/prefect/events/cli/automations.py
[2026-09-17T04:29:43Z] [iter=1] HEARTBEAT target_type=call_site elapsed_min=150.7 files_done=32 resolved=3099 errors=1358 current=tests/server/models/test_flow_runs.py
[2026-09-17T04:33:39Z] [iter=1] HEARTBEAT target_type=call_site elapsed_min=154.7 files_done=34 resolved=3174 errors=1397 current=tests/_internal/concurrency/test_waiters.py
[2026-09-17T04:34:09Z] [iter=1] HEARTBEAT target_type=call_site elapsed_min=155.2 files_done=35 resolved=3197 errors=1402 current=tests/server/orchestration/api/test_flows.py
[2026-09-17T04:41:24Z] [iter=1] HEARTBEAT target_type=call_site elapsed_min=162.4 files_done=37 resolved=3331 errors=1473 current=tests/server/api/test_middleware.py
[2026-09-17T04:55:51Z] [iter=1] HEARTBEAT target_type=call_site elapsed_min=176.9 files_done=39 resolved=3904 errors=1613 current=src/prefect/deployments/runner.py
[2026-09-17T05:00:42Z] [iter=1] HEARTBEAT target_type=call_site elapsed_min=181.7 files_done=40 resolved=4009 errors=1661 current=src/prefect/server/database/migrations/versions/postgresql/2021_01_20_122127_25f4b90a7a42_initial_migration.py
[2026-09-17T05:08:19Z] [iter=1] HEARTBEAT target_type=call_site elapsed_min=189.3 files_done=41 resolved=4009 errors=1737 current=src/prefect/cli/global_concurrency_limit.py
[2026-09-17T05:13:12Z] [iter=1] HEARTBEAT target_type=call_site elapsed_min=194.2 files_done=42 resolved=4051 errors=1786 current=tests/test_logging.py
[2026-09-17T05:15:10Z] [iter=1] HEARTBEAT target_type=call_site elapsed_min=196.2 files_done=43 resolved=4167 errors=1803 current=src/prefect/logging/configuration.py
[2026-09-17T05:15:58Z] [iter=1] HEARTBEAT target_type=call_site elapsed_min=197.0 files_done=44 resolved=4189 errors=1811 current=src/integrations/prefect-shell/tests/test_commands_windows.py
[2026-09-17T05:20:48Z] [iter=1] HEARTBEAT target_type=call_site elapsed_min=201.8 files_done=45 resolved=4210 errors=1859 current=tests/server/orchestration/api/test_flow_runs.py
[2026-09-17T05:21:33Z] [iter=1] HEARTBEAT target_type=call_site elapsed_min=202.6 files_done=46 resolved=4388 errors=1862 current=src/prefect/server/models/logs.py
[2026-09-17T05:22:05Z] [iter=1] HEARTBEAT target_type=call_site elapsed_min=203.1 files_done=47 resolved=4390 errors=1866 current=src/integrations/prefect-dbt/tests/cloud/test_jobs.py
[2026-09-17T05:25:58Z] [iter=1] HEARTBEAT target_type=call_site elapsed_min=207.0 files_done=48 resolved=4455 errors=1903 current=src/prefect/server/events/schemas/events.py
[2026-09-17T05:27:40Z] [iter=1] HEARTBEAT target_type=call_site elapsed_min=208.7 files_done=49 resolved=4514 errors=1920 current=flows/flow_pauses.py
[2026-09-17T05:31:49Z] [iter=1] HEARTBEAT target_type=call_site elapsed_min=212.8 files_done=51 resolved=4586 errors=1961 current=tests/cli/deployment/test_deployment_run.py
[2026-09-17T05:50:09Z] [iter=1] HEARTBEAT target_type=call_site elapsed_min=231.2 files_done=53 resolved=4607 errors=2143 current=src/prefect/server/database/migrations/versions/postgresql/2023_01_31_110543_f98ae6d8e2cc_work_queue_data_migration.py
[2026-09-17T05:51:02Z] [iter=1] HEARTBEAT target_type=call_site elapsed_min=232.0 files_done=55 resolved=4729 errors=2146 current=src/prefect/flow_runs.py
[2026-09-17T05:54:34Z] [iter=1] HEARTBEAT target_type=call_site elapsed_min=235.6 files_done=56 resolved=4755 errors=2181 current=src/prefect/cli/_prompts.py
[2026-09-17T05:59:11Z] [iter=1] CHECKPOINT TRIGGERED elapsed_min=240.2 files_completed=56 new_files_this_iter=56 mem_mb=2372 MB
[2026-09-17T05:59:11Z] [iter=1] Writing partial enrichment graph path=/home/runner/work/forx/forx/storage/aggregate/lsp/0338db3960aa578ce7e49e1db23d79af4baefd70.nq.gz triples=87734
[2026-09-17T05:59:13Z] [iter=1] Checkpoint written, exiting with code 7
[2026-09-17T05:59:13Z] [iter=1] PHASE END: enrich (checkpointed) elapsed_s=14412 elapsed_min=240.2 files_completed=56
