[2026-09-27T07:09:59Z] === ENRICH ITERATION 6 START | repo=PrefectHQ/prefect sha=0338db39 ===
[2026-09-27T07:09:59Z] [iter=6] PHASE START: enrich repo=PrefectHQ/prefect sha=0338db39 runlog=/home/runner/work/forx/forx/storage/aggregate/lsp/logs/0338db39-enrich-iter-006.log output=/home/runner/work/forx/forx/storage/aggregate/lsp/0338db3960aa578ce7e49e1db23d79af4baefd70.nq.gz
[2026-09-27T07:10:18Z] [iter=6] Step 1: Loading AST into disk-backed store mem_mb=79 MB
[2026-09-27T07:13:08Z] [iter=6] AST store loaded triples=13951116 load_secs=164 mem_mb=1132 MB
[2026-09-27T07:13:08Z] [iter=6] Step 2: Finding LSP targets mem_mb=1132 MB
[2026-09-27T07:14:00Z] [iter=6] LSP targets found call_sites=89631 imports=577 extends=219 implements=0 secs=52
[2026-09-27T07:14:12Z] [iter=6] Loaded checkpoint partial graph triples=252400
[2026-09-27T07:14:51Z] [iter=6] Step 2.7: Building position index (one-shot, shared across resolvers) mem_mb=1132 MB
[2026-09-27T07:16:36Z] [iter=6] Position index built positions=962849 nodes_with_types=1228599 secs=105 mem_mb=2747 MB
[2026-09-27T07:16:36Z] [iter=6] Step 3: Starting LSP resolution mem_mb=2747 MB already_completed_types=[] already_completed_files=400
[2026-09-27T07:16:36Z] [iter=6] Resolving target type target_type=call_site count=89631
[2026-09-27T07:16:37Z] [iter=6] HEARTBEAT target_type=call_site elapsed_min=6.6 files_done=0 resolved=0 errors=0 current=src/integrations/prefect-aws/prefect_aws/workers/ecs_worker.py
[2026-09-27T07:22:24Z] [iter=6] HEARTBEAT target_type=call_site elapsed_min=12.4 files_done=1 resolved=114 errors=57 current=tests/events/client/test_automations_server_compatibility.py
[2026-09-27T07:24:23Z] [iter=6] HEARTBEAT target_type=call_site elapsed_min=14.4 files_done=5 resolved=195 errors=76 current=src/prefect/server/database/migrations/versions/sqlite/2022_07_11_113314_638cbcc2a158_add_infrastructure_block_id_to_.py
[2026-09-27T07:26:58Z] [iter=6] HEARTBEAT target_type=call_site elapsed_min=17.0 files_done=7 resolved=207 errors=102 current=tests/cli/test_block.py
[2026-09-27T07:30:18Z] [iter=6] HEARTBEAT target_type=call_site elapsed_min=20.3 files_done=9 resolved=370 errors=135 current=tests/_internal/compatibility/test_deprecated.py
[2026-09-27T07:31:59Z] [iter=6] HEARTBEAT target_type=call_site elapsed_min=22.0 files_done=10 resolved=371 errors=152 current=tests/events/server/conftest.py
[2026-09-27T07:32:38Z] [iter=6] HEARTBEAT target_type=call_site elapsed_min=22.7 files_done=12 resolved=386 errors=158 current=src/prefect/server/database/migrations/versions/postgresql/2023_01_26_045500_2882cd2df463_implement_artifact_table.py
[2026-09-27T07:33:32Z] [iter=6] HEARTBEAT target_type=call_site elapsed_min=23.5 files_done=13 resolved=386 errors=167 current=src/prefect/server/schemas/sorting.py
[2026-09-27T07:37:06Z] [iter=6] HEARTBEAT target_type=call_site elapsed_min=27.1 files_done=14 resolved=386 errors=203 current=tests/server/services/test_flow_run_notifications.py
[2026-09-27T07:37:45Z] [iter=6] HEARTBEAT target_type=call_site elapsed_min=27.8 files_done=17 resolved=400 errors=209 current=src/prefect/transactions.py
[2026-09-27T07:41:02Z] [iter=6] HEARTBEAT target_type=call_site elapsed_min=31.0 files_done=18 resolved=411 errors=242 current=flows/flow_results.py
[2026-09-27T07:44:19Z] [iter=6] HEARTBEAT target_type=call_site elapsed_min=34.3 files_done=20 resolved=447 errors=275 current=src/prefect/utilities/schema_tools/hydration.py
[2026-09-27T07:47:17Z] [iter=6] HEARTBEAT target_type=call_site elapsed_min=37.3 files_done=21 resolved=476 errors=305 current=tests/events/server/gateway/test_gateway_out.py
[2026-09-27T07:47:50Z] [iter=6] HEARTBEAT target_type=call_site elapsed_min=37.8 files_done=23 resolved=481 errors=310 current=tests/events/server/test_events_counts.py
[2026-09-27T07:57:02Z] [iter=6] HEARTBEAT target_type=call_site elapsed_min=47.1 files_done=24 resolved=525 errors=403 current=src/prefect/server/database/migrations/versions/postgresql/2022_05_28_081821_2fe6fe6ca16e_adds_block_schema_references_and_block_.py
[2026-09-27T07:58:43Z] [iter=6] HEARTBEAT target_type=call_site elapsed_min=48.7 files_done=25 resolved=525 errors=420 current=tests/server/orchestration/api/test_task_run_states.py
[2026-09-27T07:59:19Z] [iter=6] HEARTBEAT target_type=call_site elapsed_min=49.3 files_done=26 resolved=531 errors=426 current=src/prefect/server/database/migrations/versions/sqlite/2023_01_31_105442_1678f2fb8b33_work_queue_data_migration.py
[2026-09-27T08:01:44Z] [iter=6] HEARTBEAT target_type=call_site elapsed_min=51.7 files_done=28 resolved=553 errors=450 current=src/prefect/logging/loggers.py
[2026-09-27T08:03:43Z] [iter=6] HEARTBEAT target_type=call_site elapsed_min=53.7 files_done=29 resolved=585 errors=470 current=src/prefect/cli/server.py
[2026-09-27T08:06:06Z] [iter=6] HEARTBEAT target_type=call_site elapsed_min=56.1 files_done=30 resolved=613 errors=494 current=src/prefect/server/database/migrations/versions/postgresql/2024_04_09_132036_954db7517015_trigger_in_index.py
[2026-09-27T08:08:41Z] [iter=6] HEARTBEAT target_type=call_site elapsed_min=58.7 files_done=32 resolved=616 errors=520 current=src/prefect/cli/cloud/webhook.py
[2026-09-27T08:12:22Z] [iter=6] HEARTBEAT target_type=call_site elapsed_min=62.4 files_done=33 resolved=627 errors=557 current=tests/cli/test_start_server.py
[2026-09-27T08:12:53Z] [iter=6] HEARTBEAT target_type=call_site elapsed_min=62.9 files_done=34 resolved=648 errors=562 current=src/prefect/utilities/schema_tools/validation.py
[2026-09-27T08:14:10Z] [iter=6] HEARTBEAT target_type=call_site elapsed_min=64.2 files_done=35 resolved=674 errors=575 current=src/prefect/server/api/block_documents.py
[2026-09-27T08:15:39Z] [iter=6] HEARTBEAT target_type=call_site elapsed_min=65.7 files_done=36 resolved=675 errors=590 current=tests/infrastructure/provisioners/test_cloud_run_v2.py
[2026-09-27T08:16:12Z] [iter=6] HEARTBEAT target_type=call_site elapsed_min=66.2 files_done=39 resolved=720 errors=595 current=src/integrations/prefect-slack/prefect_slack/credentials.py
[2026-09-27T08:19:35Z] [iter=6] HEARTBEAT target_type=call_site elapsed_min=69.6 files_done=41 resolved=769 errors=629 current=src/prefect/server/database/migrations/versions/sqlite/2022_10_19_155810_af52717cf201_track_retries_restarts.py
[2026-09-27T08:20:23Z] [iter=6] HEARTBEAT target_type=call_site elapsed_min=70.4 files_done=43 resolved=769 errors=637 current=tests/events/client/instrumentation/test_task_run_state_change_events.py
[2026-09-27T08:22:47Z] [iter=6] HEARTBEAT target_type=call_site elapsed_min=72.8 files_done=45 resolved=794 errors=661 current=src/integrations/prefect-shell/prefect_shell/commands.py
[2026-09-27T08:24:17Z] [iter=6] HEARTBEAT target_type=call_site elapsed_min=74.3 files_done=46 resolved=860 errors=676 current=src/prefect/server/database/migrations/versions/postgresql/2022_05_10_145956_1c9390e2f9c6_replace_version_with_checksum_and_.py
[2026-09-27T08:26:05Z] [iter=6] HEARTBEAT target_type=call_site elapsed_min=76.1 files_done=47 resolved=860 errors=694 current=src/prefect/events/related.py
[2026-09-27T08:27:28Z] [iter=6] HEARTBEAT target_type=call_site elapsed_min=77.5 files_done=48 resolved=884 errors=708 current=src/prefect/server/events/storage/__init__.py
[2026-09-27T08:28:04Z] [iter=6] HEARTBEAT target_type=call_site elapsed_min=78.1 files_done=49 resolved=896 errors=714 current=src/integrations/prefect-snowflake/prefect_snowflake/credentials.py
[2026-09-27T08:28:47Z] [iter=6] HEARTBEAT target_type=call_site elapsed_min=78.8 files_done=50 resolved=939 errors=721 current=tests/test_background_tasks.py
[2026-09-27T08:30:08Z] [iter=6] HEARTBEAT target_type=call_site elapsed_min=80.1 files_done=51 resolved=962 errors=734 current=src/prefect/server/schemas/states.py
[2026-09-27T08:32:33Z] [iter=6] HEARTBEAT target_type=call_site elapsed_min=82.6 files_done=52 resolved=1011 errors=758 current=src/prefect/task_runners.py
[2026-09-27T08:34:39Z] [iter=6] HEARTBEAT target_type=call_site elapsed_min=84.7 files_done=53 resolved=1056 errors=779 current=src/prefect/_internal/concurrency/waiters.py
[2026-09-27T08:37:14Z] [iter=6] HEARTBEAT target_type=call_site elapsed_min=87.3 files_done=54 resolved=1102 errors=805 current=tests/input/test_run_input.py
[2026-09-27T08:39:43Z] [iter=6] HEARTBEAT target_type=call_site elapsed_min=89.7 files_done=55 resolved=1158 errors=830 current=src/prefect/server/database/migrations/versions/postgresql/2022_08_07_134410_77eb737fc759_add_work_queue_name_to_runs.py
[2026-09-27T08:42:00Z] [iter=6] HEARTBEAT target_type=call_site elapsed_min=92.0 files_done=57 resolved=1173 errors=853 current=src/prefect/blocks/notifications.py
[2026-09-27T08:43:31Z] [iter=6] HEARTBEAT target_type=call_site elapsed_min=93.5 files_done=58 resolved=1264 errors=868 current=flows/client_context_lifespan.py
[2026-09-27T08:44:24Z] [iter=6] HEARTBEAT target_type=call_site elapsed_min=94.4 files_done=59 resolved=1299 errors=877 current=src/prefect/server/database/migrations/versions/sqlite/2022_05_28_081650_e73c6f1fe752_adds_block_schema_referecnes_and_block_.py
[2026-09-27T08:46:05Z] [iter=6] HEARTBEAT target_type=call_site elapsed_min=96.1 files_done=60 resolved=1299 errors=894 current=tests/cli/test_worker.py
[2026-09-27T08:47:01Z] [iter=6] HEARTBEAT target_type=call_site elapsed_min=97.0 files_done=62 resolved=1330 errors=902 current=src/prefect/artifacts.py
[2026-09-27T08:50:29Z] [iter=6] HEARTBEAT target_type=call_site elapsed_min=100.5 files_done=63 resolved=1343 errors=937 current=src/prefect/server/database/migrations/versions/sqlite/2024_04_09_125712_cc510aec4689_automation_event_follower.py
[2026-09-27T08:52:21Z] [iter=6] HEARTBEAT target_type=call_site elapsed_min=102.4 files_done=64 resolved=1343 errors=956 current=src/prefect/utilities/importtools.py
[2026-09-27T08:53:47Z] [iter=6] HEARTBEAT target_type=call_site elapsed_min=103.8 files_done=65 resolved=1409 errors=970 current=src/prefect/server/database/migrations/versions/sqlite/2023_01_25_114348_b9bda9f142f1_expand_work_queue_table.py
[2026-09-27T08:59:56Z] [iter=6] HEARTBEAT target_type=call_site elapsed_min=110.0 files_done=68 resolved=1494 errors=1032 current=tests/events/server/actions/test_actions_service.py
[2026-09-27T09:00:46Z] [iter=6] HEARTBEAT target_type=call_site elapsed_min=110.8 files_done=69 resolved=1503 errors=1040 current=tests/server/services/test_loop_service.py
[2026-09-27T09:01:27Z] [iter=6] HEARTBEAT target_type=call_site elapsed_min=111.5 files_done=70 resolved=1516 errors=1047 current=src/prefect/utilities/services.py
[2026-09-27T09:02:21Z] [iter=6] HEARTBEAT target_type=call_site elapsed_min=112.4 files_done=71 resolved=1538 errors=1056 current=tests/docker/test_image_builder_assertions.py
[2026-09-27T09:04:38Z] [iter=6] HEARTBEAT target_type=call_site elapsed_min=114.6 files_done=72 resolved=1541 errors=1079 current=src/integrations/prefect-azure/prefect_azure/deployments/steps.py
[2026-09-27T09:09:21Z] [iter=6] HEARTBEAT target_type=call_site elapsed_min=119.4 files_done=74 resolved=1633 errors=1126 current=tests/test-projects/flows/hello.py
[2026-09-27T09:10:34Z] [iter=6] HEARTBEAT target_type=call_site elapsed_min=120.6 files_done=76 resolved=1633 errors=1138 current=src/integrations/prefect-bitbucket/prefect_bitbucket/repository.py
[2026-09-27T09:11:36Z] [iter=6] HEARTBEAT target_type=call_site elapsed_min=121.6 files_done=78 resolved=1740 errors=1148 current=src/prefect/serializers.py
[2026-09-27T09:13:54Z] [iter=6] HEARTBEAT target_type=call_site elapsed_min=123.9 files_done=79 resolved=1775 errors=1171 current=tests/server/models/test_agents.py
[2026-09-27T09:15:30Z] [iter=6] HEARTBEAT target_type=call_site elapsed_min=125.5 files_done=82 resolved=1952 errors=1187 current=src/integrations/prefect-kubernetes/tests/conftest.py
[2026-09-27T09:16:07Z] [iter=6] HEARTBEAT target_type=call_site elapsed_min=126.1 files_done=83 resolved=1970 errors=1193 current=tests/server/orchestration/api/test_block_types.py
[2026-09-27T09:19:02Z] [iter=6] HEARTBEAT target_type=call_site elapsed_min=129.1 files_done=85 resolved=2033 errors=1221 current=tests/events/server/models/test_composite_trigger_child_firing.py
[2026-09-27T09:20:35Z] [iter=6] HEARTBEAT target_type=call_site elapsed_min=130.6 files_done=87 resolved=2081 errors=1236 current=src/prefect/concurrency/sync.py
[2026-09-27T09:21:47Z] [iter=6] HEARTBEAT target_type=call_site elapsed_min=131.8 files_done=88 resolved=2084 errors=1248 current=src/prefect/server/utilities/messaging/memory.py
[2026-09-27T09:23:46Z] [iter=6] HEARTBEAT target_type=call_site elapsed_min=133.8 files_done=89 resolved=2106 errors=1268 current=src/prefect/server/database/migrations/versions/sqlite/2022_10_19_093542_fa319f214160_add_created_by.py
[2026-09-27T09:24:24Z] [iter=6] HEARTBEAT target_type=call_site elapsed_min=134.4 files_done=91 resolved=2117 errors=1274 current=src/integrations/prefect-docker/tests/test_version.py
[2026-09-27T09:25:00Z] [iter=6] HEARTBEAT target_type=call_site elapsed_min=135.0 files_done=93 resolved=2119 errors=1280 current=src/integrations/prefect-azure/prefect_azure/credentials.py
[2026-09-27T09:26:00Z] [iter=6] HEARTBEAT target_type=call_site elapsed_min=136.0 files_done=94 resolved=2151 errors=1290 current=tests/server/database/test_dependencies.py
[2026-09-27T09:26:35Z] [iter=6] HEARTBEAT target_type=call_site elapsed_min=136.6 files_done=95 resolved=2159 errors=1296 current=src/integrations/prefect-sqlalchemy/prefect_sqlalchemy/credentials.py
[2026-09-27T09:27:36Z] [iter=6] HEARTBEAT target_type=call_site elapsed_min=137.6 files_done=97 resolved=2229 errors=1306 current=tests/server/services/test_cancellation_cleanup.py
[2026-09-27T09:29:02Z] [iter=6] HEARTBEAT target_type=call_site elapsed_min=139.0 files_done=98 resolved=2235 errors=1320 current=src/prefect/server/services/late_runs.py
[2026-09-27T09:30:02Z] [iter=6] HEARTBEAT target_type=call_site elapsed_min=140.0 files_done=99 resolved=2239 errors=1330 current=src/prefect/server/database/alembic_commands.py
[2026-09-27T09:34:43Z] [iter=6] HEARTBEAT target_type=call_site elapsed_min=144.7 files_done=101 resolved=2258 errors=1377 current=src/prefect/cli/task_run.py
[2026-09-27T09:36:01Z] [iter=6] HEARTBEAT target_type=call_site elapsed_min=146.0 files_done=102 resolved=2286 errors=1390 current=tests/events/client/conftest.py
[2026-09-27T09:36:44Z] [iter=6] HEARTBEAT target_type=call_site elapsed_min=146.8 files_done=105 resolved=2328 errors=1397 current=tests/fixtures/deprecation.py
[2026-09-27T09:38:55Z] [iter=6] HEARTBEAT target_type=call_site elapsed_min=148.9 files_done=107 resolved=2331 errors=1419 current=src/prefect/__init__.py
[2026-09-27T09:39:37Z] [iter=6] HEARTBEAT target_type=call_site elapsed_min=149.6 files_done=108 resolved=2338 errors=1426 current=src/prefect/server/database/migrations/versions/sqlite/2022_08_18_102527_e757138e954a_adds_block_schema_version.py
[2026-09-27T09:44:13Z] [iter=6] HEARTBEAT target_type=call_site elapsed_min=154.2 files_done=112 resolved=2394 errors=1471 current=src/prefect/server/events/storage/database.py
[2026-09-27T09:48:09Z] [iter=6] HEARTBEAT target_type=call_site elapsed_min=158.2 files_done=113 resolved=2411 errors=1510 current=src/prefect/server/models/concurrency_limits_v2.py
[2026-09-27T09:49:37Z] [iter=6] HEARTBEAT target_type=call_site elapsed_min=159.6 files_done=114 resolved=2424 errors=1524 current=tests/server/models/test_flow_run_states.py
[2026-09-27T09:51:02Z] [iter=6] HEARTBEAT target_type=call_site elapsed_min=161.1 files_done=119 resolved=2475 errors=1538 current=tests/server/api/test_logs.py
[2026-09-27T09:54:10Z] [iter=6] HEARTBEAT target_type=call_site elapsed_min=164.2 files_done=123 resolved=2504 errors=1569 current=tests/utilities/test_processutils.py
[2026-09-27T09:55:22Z] [iter=6] HEARTBEAT target_type=call_site elapsed_min=165.4 files_done=124 resolved=2522 errors=1581 current=src/prefect/utilities/templating.py
[2026-09-27T09:57:20Z] [iter=6] HEARTBEAT target_type=call_site elapsed_min=167.3 files_done=125 resolved=2588 errors=1601 current=src/integrations/prefect-dask/tests/test_task_runners.py
[2026-09-27T10:02:32Z] [iter=6] HEARTBEAT target_type=call_site elapsed_min=172.6 files_done=126 resolved=2601 errors=1653 current=src/prefect/server/database/migrations/versions/postgresql/2022_10_19_093902_6d548701edef_add_created_by.py
[2026-09-27T10:03:14Z] [iter=6] HEARTBEAT target_type=call_site elapsed_min=173.2 files_done=128 resolved=2601 errors=1660 current=src/prefect/server/database/migrations/versions/sqlite/2022_06_17_204530_9e2a1c08c6f1_add_block_schema_indexes.py
[2026-09-27T10:04:20Z] [iter=6] HEARTBEAT target_type=call_site elapsed_min=174.3 files_done=130 resolved=2648 errors=1671 current=src/prefect/server/database/migrations/versions/postgresql/2024_04_23_094748_7ae9e431e67a_work_status_fields.py
[2026-09-27T10:06:44Z] [iter=6] HEARTBEAT target_type=call_site elapsed_min=176.7 files_done=133 resolved=2724 errors=1695 current=src/prefect/cli/worker.py
[2026-09-27T10:10:20Z] [iter=6] HEARTBEAT target_type=call_site elapsed_min=180.4 files_done=134 resolved=2749 errors=1731 current=src/prefect/events/actions.py
[2026-09-27T10:13:07Z] [iter=6] HEARTBEAT target_type=call_site elapsed_min=183.1 files_done=136 resolved=2811 errors=1759 current=src/prefect/plugins.py
[2026-09-27T10:13:37Z] [iter=6] HEARTBEAT target_type=call_site elapsed_min=183.6 files_done=138 resolved=2845 errors=1764 current=tests/server/orchestration/api/ui/test_flows.py
[2026-09-27T10:25:40Z] [iter=6] HEARTBEAT target_type=call_site elapsed_min=195.7 files_done=140 resolved=2906 errors=1886 current=src/prefect/server/database/migrations/versions/postgresql/2024_04_09_125658_916718e8330f_automation_event_follower.py
[2026-09-27T10:26:22Z] [iter=6] HEARTBEAT target_type=call_site elapsed_min=196.4 files_done=141 resolved=2906 errors=1893 current=tests/public/flows/test_flow_timeouts.py
[2026-09-27T10:27:21Z] [iter=6] HEARTBEAT target_type=call_site elapsed_min=197.4 files_done=142 resolved=2918 errors=1903 current=tests/server/services/test_late_runs.py
[2026-09-27T10:27:57Z] [iter=6] HEARTBEAT target_type=call_site elapsed_min=198.0 files_done=144 resolved=2947 errors=1908 current=src/integrations/prefect-azure/tests/test_aci_credentials.py
[2026-09-27T10:29:44Z] [iter=6] HEARTBEAT target_type=call_site elapsed_min=199.8 files_done=147 resolved=2956 errors=1926 current=src/prefect/utilities/visualization.py
[2026-09-27T10:30:26Z] [iter=6] HEARTBEAT target_type=call_site elapsed_min=200.5 files_done=148 resolved=2967 errors=1933 current=src/prefect/server/database/migrations/versions/sqlite/2023_04_04_172555_3e1eb8281d5e_add_cols_to_artifact_collection.py
[2026-09-27T10:31:02Z] [iter=6] HEARTBEAT target_type=call_site elapsed_min=201.1 files_done=150 resolved=2968 errors=1939 current=src/integrations/prefect-kubernetes/tests/test_utilities.py
[2026-09-27T10:31:50Z] [iter=6] HEARTBEAT target_type=call_site elapsed_min=201.9 files_done=154 resolved=2996 errors=1947 current=tests/results/test_unknown_results.py
[2026-09-27T10:34:01Z] [iter=6] HEARTBEAT target_type=call_site elapsed_min=204.0 files_done=157 resolved=3002 errors=1969 current=src/prefect/server/utilities/schemas/serializers.py
[2026-09-27T10:35:24Z] [iter=6] HEARTBEAT target_type=call_site elapsed_min=205.4 files_done=160 resolved=3009 errors=1983 current=tests/server/models/test_csrf_token.py
[2026-09-27T10:38:12Z] [iter=6] HEARTBEAT target_type=call_site elapsed_min=208.2 files_done=162 resolved=3014 errors=2011 current=tests/cli/test_global_concurrency_limit.py
[2026-09-27T10:38:43Z] [iter=6] HEARTBEAT target_type=call_site elapsed_min=208.7 files_done=164 resolved=3066 errors=2016 current=tests/engine/reliability/test_deadlocks.py
[2026-09-27T10:40:12Z] [iter=6] HEARTBEAT target_type=call_site elapsed_min=210.2 files_done=165 resolved=3071 errors=2031 current=src/integrations/prefect-gcp/tests/conftest.py
[2026-09-27T10:41:36Z] [iter=6] HEARTBEAT target_type=call_site elapsed_min=211.6 files_done=166 resolved=3117 errors=2045 current=src/integrations/prefect-databricks/prefect_databricks/flows.py
[2026-09-27T10:43:19Z] [iter=6] HEARTBEAT target_type=call_site elapsed_min=213.3 files_done=167 resolved=3126 errors=2062 current=tests/blocks/test_kubernetes_block.py
[2026-09-27T10:45:40Z] [iter=6] HEARTBEAT target_type=call_site elapsed_min=215.7 files_done=169 resolved=3185 errors=2085 current=src/prefect/server/database/migrations/versions/postgresql/2022_10_31_161719_41e5ed9e1034_.py
[2026-09-27T10:46:58Z] [iter=6] HEARTBEAT target_type=call_site elapsed_min=217.0 files_done=175 resolved=3241 errors=2098 current=src/prefect/events/filters.py
[2026-09-27T10:47:46Z] [iter=6] HEARTBEAT target_type=call_site elapsed_min=217.8 files_done=176 resolved=3290 errors=2106 current=tests/events/server/actions/test_sending_notification.py
[2026-09-27T10:48:47Z] [iter=6] HEARTBEAT target_type=call_site elapsed_min=218.8 files_done=178 resolved=3313 errors=2116 current=src/prefect/server/database/migrations/versions/sqlite/2023_02_08_152028_8d148e44e669_remove_artifact_fk.py
[2026-09-27T10:50:34Z] [iter=6] HEARTBEAT target_type=call_site elapsed_min=220.6 files_done=185 resolved=3336 errors=2134 current=src/prefect/server/database/migrations/versions/postgresql/2022_06_20_123921_7296741dff68_add_protected_column_for_block_types.py
[2026-09-27T10:51:27Z] [iter=6] HEARTBEAT target_type=call_site elapsed_min=221.5 files_done=188 resolved=3348 errors=2143 current=tests/server/schemas/test_filters.py
[2026-09-27T10:53:14Z] [iter=6] HEARTBEAT target_type=call_site elapsed_min=223.3 files_done=190 resolved=3363 errors=2161 current=tests/events/server/test_events_schema.py
[2026-09-27T10:54:08Z] [iter=6] HEARTBEAT target_type=call_site elapsed_min=224.2 files_done=192 resolved=3383 errors=2170 current=src/prefect/server/database/migrations/versions/sqlite/2023_09_06_084729_c2d001b7dd06_.py
[2026-09-27T10:54:44Z] [iter=6] HEARTBEAT target_type=call_site elapsed_min=224.7 files_done=195 resolved=3385 errors=2176 current=tests/server/orchestration/api/ui/test_schemas.py
[2026-09-27T10:56:01Z] [iter=6] HEARTBEAT target_type=call_site elapsed_min=226.0 files_done=198 resolved=3408 errors=2189 current=src/integrations/prefect-aws/prefect_aws/deployments/steps.py
[2026-09-27T10:57:00Z] [iter=6] HEARTBEAT target_type=call_site elapsed_min=227.0 files_done=199 resolved=3441 errors=2199 current=src/prefect/server/database/migrations/versions/sqlite/2022_10_12_102048_22b7cb02e593_add_state_timestamp.py
[2026-09-27T11:00:16Z] [iter=6] HEARTBEAT target_type=call_site elapsed_min=230.3 files_done=201 resolved=3447 errors=2232 current=tests/test_variables.py
[2026-09-27T11:00:58Z] [iter=6] HEARTBEAT target_type=call_site elapsed_min=231.0 files_done=202 resolved=3447 errors=2239 current=src/prefect/server/models/agents.py
[2026-09-27T11:01:32Z] [iter=6] HEARTBEAT target_type=call_site elapsed_min=231.5 files_done=203 resolved=3449 errors=2244 current=src/prefect/server/models/task_run_states.py
[2026-09-27T11:02:17Z] [iter=6] HEARTBEAT target_type=call_site elapsed_min=232.3 files_done=205 resolved=3449 errors=2251 current=src/integrations/prefect-github/tests/test_utils.py
[2026-09-27T11:02:59Z] [iter=6] HEARTBEAT target_type=call_site elapsed_min=233.0 files_done=206 resolved=3452 errors=2258 current=src/prefect/blocks/kubernetes.py
[2026-09-27T11:03:29Z] [iter=6] HEARTBEAT target_type=call_site elapsed_min=233.5 files_done=207 resolved=3462 errors=2263 current=src/prefect/input/actions.py
[2026-09-27T11:04:40Z] [iter=6] HEARTBEAT target_type=call_site elapsed_min=234.7 files_done=208 resolved=3466 errors=2275 current=src/integrations/prefect-dask/prefect_dask/task_runners.py
[2026-09-27T11:06:04Z] [iter=6] HEARTBEAT target_type=call_site elapsed_min=236.1 files_done=209 resolved=3497 errors=2289 current=src/prefect/server/database/migrations/versions/postgresql/2022_07_21_205820_0cf7311d6ea6_add_crashed_state_type.py
[2026-09-27T11:06:40Z] [iter=6] HEARTBEAT target_type=call_site elapsed_min=236.7 files_done=212 resolved=3501 errors=2295 current=src/prefect/server/services/task_scheduling.py
[2026-09-27T11:08:56Z] [iter=6] HEARTBEAT target_type=call_site elapsed_min=239.0 files_done=213 resolved=3510 errors=2318 current=src/prefect/server/utilities/user_templates.py
[2026-09-27T11:09:46Z] [iter=6] HEARTBEAT target_type=call_site elapsed_min=239.8 files_done=214 resolved=3532 errors=2326 current=src/prefect/server/api/admin.py
[2026-09-27T11:10:16Z] [iter=6] CHECKPOINT TRIGGERED elapsed_min=240.3 files_completed=614 new_files_this_iter=214 mem_mb=2813 MB
[2026-09-27T11:10:16Z] [iter=6] Writing partial enrichment graph path=/home/runner/work/forx/forx/storage/aggregate/lsp/0338db3960aa578ce7e49e1db23d79af4baefd70.nq.gz triples=296046
[2026-09-27T11:10:19Z] [iter=6] Checkpoint written, exiting with code 7
[2026-09-27T11:10:19Z] [iter=6] PHASE END: enrich (checkpointed) elapsed_s=14417 elapsed_min=240.3 files_completed=614
