[2026-09-17T10:09:04Z] === ENRICH ITERATION 3 START | repo=PrefectHQ/prefect sha=0338db39 ===
[2026-09-17T10:09:04Z] [iter=3] PHASE START: enrich repo=PrefectHQ/prefect sha=0338db39 runlog=/home/runner/work/forx/forx/storage/aggregate/lsp/logs/0338db39-enrich-iter-003.log output=/home/runner/work/forx/forx/storage/aggregate/lsp/0338db3960aa578ce7e49e1db23d79af4baefd70.nq.gz
[2026-09-17T10:09:19Z] [iter=3] Step 1: Loading AST into disk-backed store mem_mb=79 MB
[2026-09-17T10:12:03Z] [iter=3] AST store loaded triples=13951116 load_secs=158 mem_mb=1138 MB
[2026-09-17T10:12:03Z] [iter=3] Step 2: Finding LSP targets mem_mb=1138 MB
[2026-09-17T10:12:46Z] [iter=3] LSP targets found call_sites=89631 imports=577 extends=219 implements=0 secs=43
[2026-09-17T10:12:52Z] [iter=3] Loaded checkpoint partial graph triples=130475
[2026-09-17T10:13:28Z] [iter=3] Step 2.7: Building position index (one-shot, shared across resolvers) mem_mb=1138 MB
[2026-09-17T10:15:04Z] [iter=3] Position index built positions=962849 nodes_with_types=1228599 secs=96 mem_mb=2492 MB
[2026-09-17T10:15:04Z] [iter=3] Step 3: Starting LSP resolution mem_mb=2492 MB already_completed_types=[] already_completed_files=119
[2026-09-17T10:15:04Z] [iter=3] Resolving target type target_type=call_site count=89631
[2026-09-17T10:15:05Z] [iter=3] HEARTBEAT target_type=call_site elapsed_min=6.0 files_done=0 resolved=0 errors=0 current=src/integrations/prefect-github/prefect_github/organization.py
[2026-09-17T10:30:01Z] [iter=3] HEARTBEAT target_type=call_site elapsed_min=21.0 files_done=1 resolved=1 errors=148 current=src/integrations/prefect-aws/prefect_aws/s3.py
[2026-09-17T10:36:39Z] [iter=3] HEARTBEAT target_type=call_site elapsed_min=27.6 files_done=2 resolved=118 errors=213 current=tests/server/orchestration/test_flow_run_instrumentation_policies.py
[2026-09-17T10:38:11Z] [iter=3] HEARTBEAT target_type=call_site elapsed_min=29.1 files_done=4 resolved=162 errors=227 current=tests/cli/test_artifact.py
[2026-09-17T11:19:43Z] [iter=3] HEARTBEAT target_type=call_site elapsed_min=70.7 files_done=7 resolved=302 errors=637 current=src/integrations/prefect-kubernetes/tests/test_services.py
[2026-09-17T11:20:19Z] [iter=3] HEARTBEAT target_type=call_site elapsed_min=71.3 files_done=8 resolved=302 errors=643 current=src/prefect/filesystems.py
[2026-09-17T11:22:28Z] [iter=3] HEARTBEAT target_type=call_site elapsed_min=73.4 files_done=9 resolved=392 errors=664 current=src/prefect/server/api/server.py
[2026-09-17T11:29:20Z] [iter=3] HEARTBEAT target_type=call_site elapsed_min=80.3 files_done=10 resolved=472 errors=732 current=src/prefect/server/database/migrations/versions/sqlite/2022_01_20_115236_9725c1cbee35_initial_migration.py
[2026-09-17T11:36:59Z] [iter=3] HEARTBEAT target_type=call_site elapsed_min=87.9 files_done=11 resolved=472 errors=808 current=src/integrations/prefect-azure/tests/test_block_standards.py
[2026-09-17T11:37:29Z] [iter=3] HEARTBEAT target_type=call_site elapsed_min=88.4 files_done=12 resolved=472 errors=813 current=tests/docker/test_image_builds.py
[2026-09-17T11:48:46Z] [iter=3] HEARTBEAT target_type=call_site elapsed_min=99.7 files_done=14 resolved=516 errors=925 current=tests/events/client/test_resource_schema.py
[2026-09-17T11:49:53Z] [iter=3] HEARTBEAT target_type=call_site elapsed_min=100.8 files_done=17 resolved=594 errors=935 current=tests/events/server/test_clients.py
[2026-09-17T12:10:29Z] [iter=3] HEARTBEAT target_type=call_site elapsed_min=121.4 files_done=19 resolved=746 errors=1138 current=src/prefect/types/__init__.py
[2026-09-17T12:12:48Z] [iter=3] HEARTBEAT target_type=call_site elapsed_min=123.7 files_done=21 resolved=823 errors=1161 current=src/prefect/deployments/schedules.py
[2026-09-17T12:13:47Z] [iter=3] HEARTBEAT target_type=call_site elapsed_min=124.7 files_done=24 resolved=946 errors=1170 current=tests/events/client/test_events_schema.py
[2026-09-17T12:14:31Z] [iter=3] HEARTBEAT target_type=call_site elapsed_min=125.5 files_done=26 resolved=981 errors=1177 current=src/prefect/server/events/schemas/automations.py
[2026-09-17T12:16:14Z] [iter=3] HEARTBEAT target_type=call_site elapsed_min=127.2 files_done=27 resolved=1075 errors=1194 current=src/prefect/server/api/events.py
[2026-09-17T12:18:40Z] [iter=3] HEARTBEAT target_type=call_site elapsed_min=129.6 files_done=28 resolved=1088 errors=1218 current=tests/events/server/triggers/test_service.py
[2026-09-17T12:19:23Z] [iter=3] HEARTBEAT target_type=call_site elapsed_min=130.3 files_done=29 resolved=1130 errors=1225 current=tests/server/orchestration/api/test_task_run_subscriptions.py
[2026-09-17T12:21:06Z] [iter=3] HEARTBEAT target_type=call_site elapsed_min=132.0 files_done=30 resolved=1159 errors=1242 current=tests/conftest.py
[2026-09-17T12:23:59Z] [iter=3] HEARTBEAT target_type=call_site elapsed_min=134.9 files_done=32 resolved=1463 errors=1270 current=tests/test_states.py
[2026-09-17T12:25:30Z] [iter=3] HEARTBEAT target_type=call_site elapsed_min=136.4 files_done=33 resolved=1497 errors=1285 current=tests/cli/test_work_pool.py
[2026-09-17T12:26:11Z] [iter=3] HEARTBEAT target_type=call_site elapsed_min=137.1 files_done=34 resolved=1518 errors=1291 current=tests/cli/deployment/test_deployment_cli.py
[2026-09-17T12:27:07Z] [iter=3] HEARTBEAT target_type=call_site elapsed_min=138.1 files_done=36 resolved=1533 errors=1300 current=tests/server/orchestration/api/test_work_queues.py
[2026-09-17T12:29:22Z] [iter=3] HEARTBEAT target_type=call_site elapsed_min=140.3 files_done=38 resolved=1656 errors=1319 current=src/integrations/prefect-kubernetes/prefect_kubernetes/credentials.py
[2026-09-17T12:29:58Z] [iter=3] HEARTBEAT target_type=call_site elapsed_min=140.9 files_done=39 resolved=1671 errors=1325 current=tests/input/test_actions.py
[2026-09-17T12:30:29Z] [iter=3] HEARTBEAT target_type=call_site elapsed_min=141.4 files_done=40 resolved=1680 errors=1330 current=src/prefect/cli/block.py
[2026-09-17T12:34:26Z] [iter=3] HEARTBEAT target_type=call_site elapsed_min=145.4 files_done=41 resolved=1749 errors=1369 current=src/prefect/server/database/migrations/versions/sqlite/2022_11_24_143302_fe77ad0dda06_add_worker_tables.py
[2026-09-17T12:36:03Z] [iter=3] HEARTBEAT target_type=call_site elapsed_min=147.0 files_done=42 resolved=1749 errors=1385 current=src/prefect/server/database/migrations/versions/sqlite/2023_01_31_132409_bfe42b7090d6_clean_up_work_queue_migration.py
[2026-09-17T12:36:45Z] [iter=3] HEARTBEAT target_type=call_site elapsed_min=147.7 files_done=49 resolved=1943 errors=1389 current=tests/server/models/test_flows.py
[2026-09-17T12:37:30Z] [iter=3] HEARTBEAT target_type=call_site elapsed_min=148.4 files_done=51 resolved=2087 errors=1396 current=src/prefect/server/database/migrations/versions/postgresql/2022_04_23_132803_d38c5e6a9115_rename_block_to_blockbasis_and_.py
[2026-09-17T12:48:02Z] [iter=3] HEARTBEAT target_type=call_site elapsed_min=159.0 files_done=53 resolved=2138 errors=1501 current=src/integrations/prefect-aws/tests/test_glue_job.py
[2026-09-17T12:49:39Z] [iter=3] HEARTBEAT target_type=call_site elapsed_min=160.6 files_done=54 resolved=2145 errors=1517 current=tests/events/server/triggers/test_flow_run_slas.py
[2026-09-17T12:53:38Z] [iter=3] HEARTBEAT target_type=call_site elapsed_min=164.6 files_done=56 resolved=2292 errors=1556 current=src/integrations/prefect-github/prefect_github/user.py
[2026-09-17T13:11:38Z] [iter=3] HEARTBEAT target_type=call_site elapsed_min=182.6 files_done=57 resolved=2294 errors=1736 current=src/prefect/server/database/migrations/versions/sqlite/2024_04_03_111618_07ed05dfd4ec_automations_models.py
[2026-09-17T13:14:38Z] [iter=3] HEARTBEAT target_type=call_site elapsed_min=185.6 files_done=58 resolved=2294 errors=1766 current=tests/utilities/test_collections.py
[2026-09-17T13:17:33Z] [iter=3] HEARTBEAT target_type=call_site elapsed_min=188.5 files_done=59 resolved=2335 errors=1795 current=src/prefect/cli/deploy.py
[2026-09-17T13:28:47Z] [iter=3] HEARTBEAT target_type=call_site elapsed_min=199.7 files_done=60 resolved=2597 errors=1906 current=src/prefect/server/events/actions.py
[2026-09-17T13:45:10Z] [iter=3] HEARTBEAT target_type=call_site elapsed_min=216.1 files_done=61 resolved=2763 errors=2068 current=tests/results/test_task_results.py
[2026-09-17T13:49:02Z] [iter=3] HEARTBEAT target_type=call_site elapsed_min=220.0 files_done=62 resolved=2765 errors=2106 current=tests/utilities/test_importtools.py
[2026-09-17T13:50:23Z] [iter=3] HEARTBEAT target_type=call_site elapsed_min=221.3 files_done=66 resolved=2847 errors=2119 current=src/integrations/prefect-shell/tests/test_commands.py
[2026-09-17T13:55:01Z] [iter=3] HEARTBEAT target_type=call_site elapsed_min=225.9 files_done=67 resolved=2866 errors=2165 current=src/prefect/_internal/concurrency/cancellation.py
[2026-09-17T13:59:01Z] [iter=3] HEARTBEAT target_type=call_site elapsed_min=230.0 files_done=68 resolved=2953 errors=2205 current=src/prefect/server/database/migrations/versions/postgresql/2022_05_12_202952_dc7a3c6fd3e9_add_flow_run_alerts.py
[2026-09-17T14:00:07Z] [iter=3] HEARTBEAT target_type=call_site elapsed_min=231.1 files_done=69 resolved=2953 errors=2216 current=src/prefect/cli/work_pool.py
[2026-09-17T14:07:38Z] [iter=3] HEARTBEAT target_type=call_site elapsed_min=238.6 files_done=70 resolved=3013 errors=2291 current=src/prefect/server/models/flow_runs.py
[2026-09-17T14:09:29Z] [iter=3] CHECKPOINT TRIGGERED elapsed_min=240.4 files_completed=189 new_files_this_iter=70 mem_mb=2501 MB
[2026-09-17T14:09:29Z] [iter=3] Writing partial enrichment graph path=/home/runner/work/forx/forx/storage/aggregate/lsp/0338db3960aa578ce7e49e1db23d79af4baefd70.nq.gz triples=167362
[2026-09-17T14:09:32Z] [iter=3] Checkpoint written, exiting with code 7
[2026-09-17T14:09:32Z] [iter=3] PHASE END: enrich (checkpointed) elapsed_s=14425 elapsed_min=240.4 files_completed=189
