[2026-09-17T19:26:36Z] === ENRICH ITERATION 5 START | repo=PrefectHQ/prefect sha=0338db39 ===
[2026-09-17T19:26:36Z] [iter=5] PHASE START: enrich repo=PrefectHQ/prefect sha=0338db39 runlog=/home/runner/work/forx/forx/storage/aggregate/lsp/logs/0338db39-enrich-iter-005.log output=/home/runner/work/forx/forx/storage/aggregate/lsp/0338db3960aa578ce7e49e1db23d79af4baefd70.nq.gz
[2026-09-17T19:26:53Z] [iter=5] Step 1: Loading AST into disk-backed store mem_mb=79 MB
[2026-09-17T19:29:36Z] [iter=5] AST store loaded triples=13951116 load_secs=157 mem_mb=1137 MB
[2026-09-17T19:29:36Z] [iter=5] Step 2: Finding LSP targets mem_mb=1137 MB
[2026-09-17T19:30:21Z] [iter=5] LSP targets found call_sites=89631 imports=577 extends=219 implements=0 secs=45
[2026-09-17T19:30:30Z] [iter=5] Loaded checkpoint partial graph triples=208826
[2026-09-17T19:31:08Z] [iter=5] Step 2.7: Building position index (one-shot, shared across resolvers) mem_mb=1137 MB
[2026-09-17T19:32:45Z] [iter=5] Position index built positions=962849 nodes_with_types=1228599 secs=97 mem_mb=2617 MB
[2026-09-17T19:32:45Z] [iter=5] Step 3: Starting LSP resolution mem_mb=2617 MB already_completed_types=[] already_completed_files=268
[2026-09-17T19:32:45Z] [iter=5] Resolving target type target_type=call_site count=89631
[2026-09-17T19:32:46Z] [iter=5] HEARTBEAT target_type=call_site elapsed_min=6.2 files_done=0 resolved=0 errors=0 current=src/prefect/cli/cloud/__init__.py
[2026-09-17T19:41:03Z] [iter=5] HEARTBEAT target_type=call_site elapsed_min=14.5 files_done=1 resolved=14 errors=82 current=src/prefect/server/utilities/schemas/bases.py
[2026-09-17T19:41:55Z] [iter=5] HEARTBEAT target_type=call_site elapsed_min=15.3 files_done=4 resolved=79 errors=90 current=src/integrations/prefect-snowflake/tests/test_credentials.py
[2026-09-17T19:48:27Z] [iter=5] HEARTBEAT target_type=call_site elapsed_min=21.9 files_done=5 resolved=104 errors=154 current=tests/cli/test_work_queues.py
[2026-09-17T19:51:06Z] [iter=5] HEARTBEAT target_type=call_site elapsed_min=24.5 files_done=6 resolved=109 errors=180 current=tests/server/orchestration/api/test_infra_overrides.py
[2026-09-17T19:53:01Z] [iter=5] HEARTBEAT target_type=call_site elapsed_min=26.4 files_done=7 resolved=110 errors=198 current=tests/server/orchestration/api/test_variables.py
[2026-09-17T19:54:40Z] [iter=5] HEARTBEAT target_type=call_site elapsed_min=28.1 files_done=9 resolved=227 errors=213 current=src/prefect/server/database/dependencies.py
[2026-09-17T19:56:52Z] [iter=5] HEARTBEAT target_type=call_site elapsed_min=30.3 files_done=10 resolved=247 errors=235 current=flows/task_results.py
[2026-09-17T19:59:32Z] [iter=5] HEARTBEAT target_type=call_site elapsed_min=32.9 files_done=12 resolved=295 errors=261 current=tests/events/server/test_stream.py
[2026-09-17T20:03:55Z] [iter=5] HEARTBEAT target_type=call_site elapsed_min=37.3 files_done=15 resolved=428 errors=302 current=tests/client/test_base_client.py
[2026-09-17T20:05:17Z] [iter=5] HEARTBEAT target_type=call_site elapsed_min=38.7 files_done=16 resolved=509 errors=315 current=tests/events/server/test_events_queries.py
[2026-09-17T20:10:36Z] [iter=5] HEARTBEAT target_type=call_site elapsed_min=44.0 files_done=17 resolved=594 errors=368 current=flows/worker.py
[2026-09-17T20:13:43Z] [iter=5] HEARTBEAT target_type=call_site elapsed_min=47.1 files_done=19 resolved=603 errors=399 current=src/prefect/events/schemas/events.py
[2026-09-17T20:15:13Z] [iter=5] HEARTBEAT target_type=call_site elapsed_min=48.6 files_done=20 resolved=648 errors=414 current=src/integrations/prefect-docker/prefect_docker/containers.py
[2026-09-17T20:17:37Z] [iter=5] HEARTBEAT target_type=call_site elapsed_min=51.0 files_done=21 resolved=653 errors=438 current=src/prefect/server/database/migrations/versions/postgresql/2022_05_26_135743_724e6dcc6b5d_add_block_schema_capabilities.py
[2026-09-17T20:18:21Z] [iter=5] HEARTBEAT target_type=call_site elapsed_min=51.8 files_done=23 resolved=664 errors=445 current=src/integrations/prefect-dask/prefect_dask/client.py
[2026-09-17T20:18:59Z] [iter=5] HEARTBEAT target_type=call_site elapsed_min=52.4 files_done=24 resolved=679 errors=451 current=tests/server/models/test_artifacts.py
[2026-09-17T20:20:41Z] [iter=5] HEARTBEAT target_type=call_site elapsed_min=54.1 files_done=26 resolved=709 errors=466 current=tests/blocks/test_notifications.py
[2026-09-17T20:22:26Z] [iter=5] HEARTBEAT target_type=call_site elapsed_min=55.8 files_done=27 resolved=761 errors=483 current=src/prefect/cli/root.py
[2026-09-17T20:23:27Z] [iter=5] HEARTBEAT target_type=call_site elapsed_min=56.9 files_done=28 resolved=777 errors=493 current=tests/test-projects/flat-project/explicit_relative.py
[2026-09-17T20:26:26Z] [iter=5] HEARTBEAT target_type=call_site elapsed_min=59.8 files_done=30 resolved=789 errors=522 current=src/prefect/server/database/migrations/versions/postgresql/2024_04_04_094418_bd6efa529f03_add_deployment_version_to_flow_run.py
[2026-09-17T20:26:56Z] [iter=5] HEARTBEAT target_type=call_site elapsed_min=60.3 files_done=32 resolved=824 errors=527 current=tests/events/server/storage/test_event_persister.py
[2026-09-17T20:28:40Z] [iter=5] HEARTBEAT target_type=call_site elapsed_min=62.1 files_done=33 resolved=842 errors=544 current=tests/test_serializers.py
[2026-09-17T20:29:30Z] [iter=5] HEARTBEAT target_type=call_site elapsed_min=62.9 files_done=34 resolved=894 errors=552 current=src/integrations/prefect-dbt/prefect_dbt/cloud/clients.py
[2026-09-17T20:30:12Z] [iter=5] HEARTBEAT target_type=call_site elapsed_min=63.6 files_done=35 resolved=901 errors=559 current=src/prefect/server/api/ui/flow_runs.py
[2026-09-17T20:30:42Z] [iter=5] HEARTBEAT target_type=call_site elapsed_min=64.1 files_done=36 resolved=906 errors=564 current=src/prefect/server/models/work_queues.py
[2026-09-17T20:36:18Z] [iter=5] HEARTBEAT target_type=call_site elapsed_min=69.7 files_done=37 resolved=924 errors=619 current=src/prefect/server/api/workers.py
[2026-09-17T20:43:00Z] [iter=5] HEARTBEAT target_type=call_site elapsed_min=76.4 files_done=38 resolved=935 errors=686 current=src/prefect/server/database/migrations/versions/postgresql/2024_04_10_194742_15768c2ec702_add_events_and_event_resources_tables.py
[2026-09-17T20:44:36Z] [iter=5] HEARTBEAT target_type=call_site elapsed_min=78.0 files_done=39 resolved=935 errors=702 current=tests/server/orchestration/test_global_policy.py
[2026-09-17T20:46:43Z] [iter=5] HEARTBEAT target_type=call_site elapsed_min=80.1 files_done=40 resolved=940 errors=723 current=tests/public/flows/test_flow_crashes.py
[2026-09-17T20:48:40Z] [iter=5] HEARTBEAT target_type=call_site elapsed_min=82.1 files_done=41 resolved=979 errors=742 current=src/prefect/server/events/clients.py
[2026-09-17T20:49:40Z] [iter=5] HEARTBEAT target_type=call_site elapsed_min=83.1 files_done=42 resolved=1008 errors=752 current=tests/test_task_server.py
[2026-09-17T20:50:56Z] [iter=5] HEARTBEAT target_type=call_site elapsed_min=84.3 files_done=43 resolved=1049 errors=763 current=src/prefect/server/database/migrations/versions/postgresql/2022_07_25_233637_add97ce1937d_update_deployments_to_include_more_.py
[2026-09-17T20:51:32Z] [iter=5] HEARTBEAT target_type=call_site elapsed_min=84.9 files_done=46 resolved=1076 errors=769 current=src/integrations/prefect-gcp/tests/test_cloud_storage.py
[2026-09-17T20:53:23Z] [iter=5] HEARTBEAT target_type=call_site elapsed_min=86.8 files_done=47 resolved=1113 errors=786 current=src/integrations/prefect-kubernetes/prefect_kubernetes/services.py
[2026-09-17T20:54:35Z] [iter=5] HEARTBEAT target_type=call_site elapsed_min=88.0 files_done=48 resolved=1113 errors=798 current=tests/server/models/test_concurrency_limits_v2.py
[2026-09-17T21:00:54Z] [iter=5] HEARTBEAT target_type=call_site elapsed_min=94.3 files_done=50 resolved=1219 errors=860 current=src/integrations/prefect-dask/tests/test_client.py
[2026-09-17T21:03:59Z] [iter=5] HEARTBEAT target_type=call_site elapsed_min=97.4 files_done=51 resolved=1223 errors=891 current=tests/server/orchestration/api/test_deployment_schedules.py
[2026-09-17T21:06:19Z] [iter=5] HEARTBEAT target_type=call_site elapsed_min=99.7 files_done=52 resolved=1249 errors=914 current=src/prefect/server/schemas/responses.py
[2026-09-17T21:06:56Z] [iter=5] HEARTBEAT target_type=call_site elapsed_min=100.3 files_done=53 resolved=1347 errors=920 current=src/prefect/server/database/migrations/versions/postgresql/2022_07_25_214717_4ff2f2bf81f4_adds_block_type_slug.py
[2026-09-17T21:07:32Z] [iter=5] HEARTBEAT target_type=call_site elapsed_min=100.9 files_done=55 resolved=1351 errors=926 current=src/prefect/cli/concurrency_limit.py
[2026-09-17T21:08:15Z] [iter=5] HEARTBEAT target_type=call_site elapsed_min=101.7 files_done=56 resolved=1383 errors=933 current=tests/runtime/test_flow_run.py
[2026-09-17T21:09:02Z] [iter=5] HEARTBEAT target_type=call_site elapsed_min=102.4 files_done=57 resolved=1421 errors=940 current=tests/server/models/test_block_types.py
[2026-09-17T21:09:44Z] [iter=5] HEARTBEAT target_type=call_site elapsed_min=103.1 files_done=58 resolved=1440 errors=947 current=tests/workers/test_process_worker.py
[2026-09-17T21:12:50Z] [iter=5] HEARTBEAT target_type=call_site elapsed_min=106.2 files_done=59 resolved=1474 errors=977 current=tests/results/test_literal_result.py
[2026-09-17T21:19:41Z] [iter=5] HEARTBEAT target_type=call_site elapsed_min=113.1 files_done=62 resolved=1580 errors=1045 current=tests/events/server/test_automations_api.py
[2026-09-17T21:20:59Z] [iter=5] HEARTBEAT target_type=call_site elapsed_min=114.4 files_done=63 resolved=1693 errors=1057 current=src/integrations/prefect-aws/prefect_aws/credentials.py
[2026-09-17T21:21:30Z] [iter=5] HEARTBEAT target_type=call_site elapsed_min=114.9 files_done=64 resolved=1726 errors=1062 current=tests/deployment/test_base.py
[2026-09-17T21:23:07Z] [iter=5] HEARTBEAT target_type=call_site elapsed_min=116.5 files_done=66 resolved=1789 errors=1078 current=tests/events/client/test_events_emit_event.py
[2026-09-17T21:26:56Z] [iter=5] HEARTBEAT target_type=call_site elapsed_min=120.3 files_done=68 resolved=1849 errors=1116 current=src/prefect/utilities/engine.py
[2026-09-17T21:34:03Z] [iter=5] HEARTBEAT target_type=call_site elapsed_min=127.5 files_done=69 resolved=1958 errors=1187 current=tests/cli/test_variable.py
[2026-09-17T21:37:58Z] [iter=5] HEARTBEAT target_type=call_site elapsed_min=131.4 files_done=71 resolved=2029 errors=1226 current=src/integrations/prefect-gcp/prefect_gcp/bigquery.py
[2026-09-17T21:41:11Z] [iter=5] HEARTBEAT target_type=call_site elapsed_min=134.6 files_done=72 resolved=2085 errors=1258 current=tests/events/server/gateway/test_gateway_in.py
[2026-09-17T21:41:49Z] [iter=5] HEARTBEAT target_type=call_site elapsed_min=135.2 files_done=74 resolved=2102 errors=1264 current=tests/test_context.py
[2026-09-17T21:42:52Z] [iter=5] HEARTBEAT target_type=call_site elapsed_min=136.3 files_done=75 resolved=2132 errors=1274 current=src/prefect/server/utilities/database.py
[2026-09-17T21:43:36Z] [iter=5] HEARTBEAT target_type=call_site elapsed_min=137.0 files_done=76 resolved=2181 errors=1281 current=src/integrations/prefect-email/prefect_email/message.py
[2026-09-17T21:50:05Z] [iter=5] HEARTBEAT target_type=call_site elapsed_min=143.5 files_done=78 resolved=2262 errors=1346 current=src/prefect/utilities/dockerutils.py
[2026-09-17T21:52:17Z] [iter=5] HEARTBEAT target_type=call_site elapsed_min=145.7 files_done=79 resolved=2351 errors=1368 current=src/integrations/prefect-azure/tests/conftest.py
[2026-09-17T21:54:05Z] [iter=5] HEARTBEAT target_type=call_site elapsed_min=147.5 files_done=80 resolved=2374 errors=1386 current=src/prefect/server/database/migrations/versions/sqlite/2022_02_15_211737_28ae48128c75_add_configurations.py
[2026-09-17T21:58:09Z] [iter=5] HEARTBEAT target_type=call_site elapsed_min=151.6 files_done=83 resolved=2554 errors=1426 current=src/prefect/deployments/steps/core.py
[2026-09-17T22:00:09Z] [iter=5] HEARTBEAT target_type=call_site elapsed_min=153.6 files_done=84 resolved=2585 errors=1446 current=tests/events/client/test_utility_events_clients.py
[2026-09-17T22:12:29Z] [iter=5] HEARTBEAT target_type=call_site elapsed_min=165.9 files_done=86 resolved=2712 errors=1569 current=src/prefect/server/database/migrations/versions/postgresql/2023_01_08_180142_d481d5058a19_rename_worker_pools_to_work_pools.py
[2026-09-17T22:15:41Z] [iter=5] HEARTBEAT target_type=call_site elapsed_min=169.1 files_done=87 resolved=2712 errors=1601 current=src/prefect/_internal/schemas/bases.py
[2026-09-17T22:16:19Z] [iter=5] HEARTBEAT target_type=call_site elapsed_min=169.7 files_done=91 resolved=2768 errors=1607 current=tests/utilities/test_pydantic.py
[2026-09-17T22:20:12Z] [iter=5] HEARTBEAT target_type=call_site elapsed_min=173.6 files_done=93 resolved=2818 errors=1646 current=tests/events/server/actions/test_pausing_resuming_deployment.py
[2026-09-17T22:21:50Z] [iter=5] HEARTBEAT target_type=call_site elapsed_min=175.2 files_done=95 resolved=2829 errors=1662 current=src/integrations/prefect-gcp/prefect_gcp/credentials.py
[2026-09-17T22:23:20Z] [iter=5] HEARTBEAT target_type=call_site elapsed_min=176.7 files_done=96 resolved=2864 errors=1677 current=tests/server/schemas/test_actions.py
[2026-09-17T22:24:08Z] [iter=5] HEARTBEAT target_type=call_site elapsed_min=177.5 files_done=98 resolved=2923 errors=1684 current=src/prefect/events/schemas/labelling.py
[2026-09-17T22:26:17Z] [iter=5] HEARTBEAT target_type=call_site elapsed_min=179.7 files_done=101 resolved=3000 errors=1705 current=src/prefect/runner/server.py
[2026-09-17T22:29:35Z] [iter=5] HEARTBEAT target_type=call_site elapsed_min=183.0 files_done=102 resolved=3014 errors=1738 current=src/prefect/server/database/migrations/versions/sqlite/2022_05_30_100855_d76326ed0d06_rename_run_alerts_to_run_notifications.py
[2026-09-17T22:31:17Z] [iter=5] HEARTBEAT target_type=call_site elapsed_min=184.7 files_done=104 resolved=3015 errors=1755 current=flows/automation-assessments.py
[2026-09-17T22:32:29Z] [iter=5] HEARTBEAT target_type=call_site elapsed_min=185.9 files_done=105 resolved=3044 errors=1767 current=tests/server/models/test_work_queues.py
[2026-09-17T22:42:39Z] [iter=5] HEARTBEAT target_type=call_site elapsed_min=196.1 files_done=107 resolved=3176 errors=1868 current=tests/results/test_flow_results.py
[2026-09-17T22:46:00Z] [iter=5] HEARTBEAT target_type=call_site elapsed_min=199.4 files_done=108 resolved=3182 errors=1901 current=src/prefect/runner/submit.py
[2026-09-17T22:48:12Z] [iter=5] HEARTBEAT target_type=call_site elapsed_min=201.6 files_done=109 resolved=3209 errors=1923 current=tests/server/orchestration/api/test_collections.py
[2026-09-17T22:48:50Z] [iter=5] HEARTBEAT target_type=call_site elapsed_min=202.2 files_done=110 resolved=3219 errors=1929 current=src/prefect/events/clients.py
[2026-09-17T22:52:33Z] [iter=5] HEARTBEAT target_type=call_site elapsed_min=206.0 files_done=111 resolved=3273 errors=1966 current=src/prefect/infrastructure/provisioners/modal.py
[2026-09-17T22:53:46Z] [iter=5] HEARTBEAT target_type=call_site elapsed_min=207.2 files_done=112 resolved=3303 errors=1978 current=src/prefect/server/database/migrations/versions/sqlite/2023_10_30_103720_22ef3915ccd8_index_and_backfill_block_type_name.py
[2026-09-17T22:57:45Z] [iter=5] HEARTBEAT target_type=call_site elapsed_min=211.2 files_done=114 resolved=3303 errors=2018 current=tests/cli/test_config.py
[2026-09-17T22:58:48Z] [iter=5] HEARTBEAT target_type=call_site elapsed_min=212.2 files_done=116 resolved=3322 errors=2028 current=src/prefect/server/models/task_runs.py
[2026-09-17T23:01:49Z] [iter=5] HEARTBEAT target_type=call_site elapsed_min=215.2 files_done=117 resolved=3328 errors=2055 current=src/prefect/utilities/collections.py
[2026-09-17T23:04:01Z] [iter=5] HEARTBEAT target_type=call_site elapsed_min=217.4 files_done=118 resolved=3387 errors=2077 current=flows/concurrent_subflows.py
[2026-09-17T23:04:49Z] [iter=5] HEARTBEAT target_type=call_site elapsed_min=218.2 files_done=120 resolved=3394 errors=2085 current=src/integrations/prefect-kubernetes/prefect_kubernetes/utilities.py
[2026-09-17T23:09:51Z] [iter=5] HEARTBEAT target_type=call_site elapsed_min=223.3 files_done=122 resolved=3471 errors=2135 current=src/integrations/prefect-databricks/prefect_databricks/jobs.py
[2026-09-17T23:13:03Z] [iter=5] HEARTBEAT target_type=call_site elapsed_min=226.5 files_done=123 resolved=3471 errors=2167 current=src/prefect/server/services/pause_expirations.py
[2026-09-17T23:13:51Z] [iter=5] HEARTBEAT target_type=call_site elapsed_min=227.3 files_done=124 resolved=3475 errors=2175 current=src/prefect/server/database/migrations/versions/sqlite/2024_03_05_115258_342220764f0b_add_job_variables_column_to_flow_runs.py
[2026-09-17T23:18:36Z] [iter=5] HEARTBEAT target_type=call_site elapsed_min=232.0 files_done=127 resolved=3509 errors=2222 current=src/integrations/prefect-sqlalchemy/tests/test_database.py
[2026-09-17T23:22:14Z] [iter=5] HEARTBEAT target_type=call_site elapsed_min=235.6 files_done=128 resolved=3545 errors=2258 current=flows/hello_world.py
[2026-09-17T23:22:50Z] [iter=5] HEARTBEAT target_type=call_site elapsed_min=236.2 files_done=130 resolved=3545 errors=2264 current=src/prefect/server/services/flow_run_notifications.py
[2026-09-17T23:23:50Z] [iter=5] HEARTBEAT target_type=call_site elapsed_min=237.2 files_done=131 resolved=3553 errors=2274 current=tests/server/orchestration/api/test_artifacts.py
[2026-09-17T23:26:49Z] [iter=5] CHECKPOINT TRIGGERED elapsed_min=240.2 files_completed=400 new_files_this_iter=132 mem_mb=2684 MB
[2026-09-17T23:26:49Z] [iter=5] Writing partial enrichment graph path=/home/runner/work/forx/forx/storage/aggregate/lsp/0338db3960aa578ce7e49e1db23d79af4baefd70.nq.gz triples=252400
[2026-09-17T23:26:55Z] [iter=5] Checkpoint written, exiting with code 7
[2026-09-17T23:26:55Z] [iter=5] PHASE END: enrich (checkpointed) elapsed_s=14413 elapsed_min=240.2 files_completed=400
