[2026-09-15T19:47:14Z] === ENRICH ITERATION 2 START | repo=PrefectHQ/prefect sha=eb0e40c2 ===
[2026-09-15T19:47:14Z] [iter=2] PHASE START: enrich repo=PrefectHQ/prefect sha=eb0e40c2 runlog=/home/runner/work/forx/forx/storage/aggregate/lsp/logs/eb0e40c2-enrich-iter-002.log output=/home/runner/work/forx/forx/storage/aggregate/lsp/eb0e40c29398e8705ce7a2286828945fe488fa8d.nq.gz
[2026-09-15T19:47:33Z] [iter=2] Step 1: Loading AST into disk-backed store mem_mb=80 MB
[2026-09-15T19:51:24Z] [iter=2] AST store loaded triples=13896776 load_secs=226 mem_mb=1137 MB
[2026-09-15T19:51:24Z] [iter=2] Step 2: Finding LSP targets mem_mb=1137 MB
[2026-09-15T19:52:02Z] [iter=2] LSP targets found call_sites=94928 imports=1066 extends=260 implements=0 secs=38
[2026-09-15T19:52:04Z] [iter=2] Loaded checkpoint partial graph triples=79859
[2026-09-15T19:52:36Z] [iter=2] Step 2.7: Building position index (one-shot, shared across resolvers) mem_mb=1137 MB
[2026-09-15T19:53:42Z] [iter=2] Position index built positions=950889 nodes_with_types=1231130 secs=66 mem_mb=2452 MB
[2026-09-15T19:53:42Z] [iter=2] Step 3: Starting LSP resolution mem_mb=2452 MB already_completed_types=[] already_completed_files=61
[2026-09-15T19:53:42Z] [iter=2] Resolving target type target_type=call_site count=94928
[2026-09-15T19:53:43Z] [iter=2] HEARTBEAT target_type=call_site elapsed_min=6.5 files_done=0 resolved=0 errors=0 current=tests/server/orchestration/api/test_workers.py
[2026-09-15T19:54:45Z] [iter=2] HEARTBEAT target_type=call_site elapsed_min=7.5 files_done=1 resolved=59 errors=10 current=tests/utilities/schema_tools/test_validation.py
[2026-09-15T19:56:09Z] [iter=2] HEARTBEAT target_type=call_site elapsed_min=8.9 files_done=2 resolved=64 errors=28 current=tests/server/orchestration/test_rules.py
[2026-09-15T20:08:19Z] [iter=2] HEARTBEAT target_type=call_site elapsed_min=21.1 files_done=3 resolved=275 errors=183 current=tests/events/server/test_events_queries.py
[2026-09-15T20:12:27Z] [iter=2] HEARTBEAT target_type=call_site elapsed_min=25.2 files_done=4 resolved=360 errors=236 current=src/integrations/prefect-ray/tests/test_task_runners.py
[2026-09-15T20:18:03Z] [iter=2] HEARTBEAT target_type=call_site elapsed_min=30.8 files_done=5 resolved=390 errors=307 current=tests/records/test_memory.py
[2026-09-15T20:26:10Z] [iter=2] HEARTBEAT target_type=call_site elapsed_min=38.9 files_done=7 resolved=592 errors=410 current=src/integrations/prefect-docker/prefect_docker/host.py
[2026-09-15T20:28:47Z] [iter=2] HEARTBEAT target_type=call_site elapsed_min=41.5 files_done=9 resolved=642 errors=443 current=tests/server/models/test_deployments.py
[2026-09-15T20:46:02Z] [iter=2] HEARTBEAT target_type=call_site elapsed_min=58.8 files_done=11 resolved=711 errors=664 current=src/integrations/prefect-kubernetes/tests/test_custom_objects.py
[2026-09-15T20:46:50Z] [iter=2] HEARTBEAT target_type=call_site elapsed_min=59.6 files_done=12 resolved=711 errors=674 current=src/integrations/prefect-github/prefect_github/repository.py
[2026-09-15T21:04:31Z] [iter=2] HEARTBEAT target_type=call_site elapsed_min=77.3 files_done=13 resolved=733 errors=901 current=src/prefect/server/database/migrations/versions/sqlite/2024_04_03_111618_07ed05dfd4ec_automations_models.py
[2026-09-15T21:09:01Z] [iter=2] HEARTBEAT target_type=call_site elapsed_min=81.8 files_done=14 resolved=733 errors=959 current=src/prefect/client/schemas/responses.py
[2026-09-15T21:10:07Z] [iter=2] HEARTBEAT target_type=call_site elapsed_min=82.9 files_done=16 resolved=816 errors=973 current=tests/server/orchestration/api/test_concurrency_limits_v2.py
[2026-09-15T21:19:48Z] [iter=2] HEARTBEAT target_type=call_site elapsed_min=92.6 files_done=18 resolved=1014 errors=1094 current=src/prefect/client/orchestration.py
[2026-09-15T21:30:59Z] [iter=2] HEARTBEAT target_type=call_site elapsed_min=103.8 files_done=19 resolved=1587 errors=1234 current=tests/cli/test_work_queues.py
[2026-09-15T21:33:02Z] [iter=2] HEARTBEAT target_type=call_site elapsed_min=105.8 files_done=20 resolved=1592 errors=1260 current=src/prefect/infrastructure/provisioners/ecs.py
[2026-09-15T21:39:17Z] [iter=2] HEARTBEAT target_type=call_site elapsed_min=112.0 files_done=21 resolved=1734 errors=1339 current=src/prefect/server/services/foreman.py
[2026-09-15T21:40:04Z] [iter=2] HEARTBEAT target_type=call_site elapsed_min=112.8 files_done=22 resolved=1736 errors=1349 current=src/prefect/server/api/admin.py
[2026-09-15T21:40:35Z] [iter=2] HEARTBEAT target_type=call_site elapsed_min=113.3 files_done=24 resolved=1782 errors=1355 current=src/prefect/server/database/migrations/versions/sqlite/2022_06_29_151832_42762c37b7bc_remove_name_column_for_notification_.py
[2026-09-15T21:41:46Z] [iter=2] HEARTBEAT target_type=call_site elapsed_min=114.5 files_done=26 resolved=1782 errors=1370 current=src/integrations/prefect-shell/tests/test_commands.py
[2026-09-15T21:45:05Z] [iter=2] HEARTBEAT target_type=call_site elapsed_min=117.8 files_done=27 resolved=1801 errors=1412 current=src/prefect/server/schemas/filters.py
[2026-09-15T21:51:46Z] [iter=2] HEARTBEAT target_type=call_site elapsed_min=124.5 files_done=28 resolved=2178 errors=1496 current=src/integrations/prefect-dask/prefect_dask/task_runners.py
[2026-09-15T21:53:06Z] [iter=2] HEARTBEAT target_type=call_site elapsed_min=125.9 files_done=29 resolved=2215 errors=1513 current=src/prefect/cli/shell.py
[2026-09-15T21:54:12Z] [iter=2] HEARTBEAT target_type=call_site elapsed_min=127.0 files_done=30 resolved=2249 errors=1527 current=src/prefect/runner/server.py
[2026-09-15T21:56:41Z] [iter=2] HEARTBEAT target_type=call_site elapsed_min=129.5 files_done=31 resolved=2264 errors=1559 current=src/integrations/prefect-dask/prefect_dask/client.py
[2026-09-15T22:01:14Z] [iter=2] HEARTBEAT target_type=call_site elapsed_min=134.0 files_done=33 resolved=2331 errors=1617 current=tests/test_logging.py
[2026-09-15T22:02:45Z] [iter=2] HEARTBEAT target_type=call_site elapsed_min=135.5 files_done=34 resolved=2447 errors=1634 current=tests/test_flows.py
[2026-09-15T22:32:57Z] [iter=2] HEARTBEAT target_type=call_site elapsed_min=165.7 files_done=35 resolved=2860 errors=2012 current=tests/events/server/storage/test_event_persister.py
[2026-09-15T22:34:19Z] [iter=2] HEARTBEAT target_type=call_site elapsed_min=167.1 files_done=36 resolved=2878 errors=2029 current=src/integrations/prefect-kubernetes/tests/test_block_standards.py
[2026-09-15T22:39:48Z] [iter=2] HEARTBEAT target_type=call_site elapsed_min=172.6 files_done=38 resolved=2926 errors=2098 current=tests/events/server/actions/test_infinite_loops.py
[2026-09-15T22:40:39Z] [iter=2] HEARTBEAT target_type=call_site elapsed_min=173.4 files_done=40 resolved=2965 errors=2108 current=src/prefect/blocks/core.py
[2026-09-15T22:49:15Z] [iter=2] HEARTBEAT target_type=call_site elapsed_min=182.0 files_done=41 resolved=3084 errors=2217 current=tests/cli/test_flow_run.py
[2026-09-15T22:51:06Z] [iter=2] HEARTBEAT target_type=call_site elapsed_min=183.9 files_done=42 resolved=3127 errors=2240 current=tests/server/models/test_work_queues.py
[2026-09-15T22:56:21Z] [iter=2] HEARTBEAT target_type=call_site elapsed_min=189.1 files_done=44 resolved=3274 errors=2307 current=src/prefect/server/utilities/messaging/__init__.py
[2026-09-15T22:57:03Z] [iter=2] HEARTBEAT target_type=call_site elapsed_min=189.8 files_done=45 resolved=3284 errors=2316 current=tests/events/server/gateway/test_gateway_out.py
[2026-09-15T22:58:45Z] [iter=2] HEARTBEAT target_type=call_site elapsed_min=191.5 files_done=47 resolved=3345 errors=2336 current=tests/test_transactions.py
[2026-09-15T22:59:23Z] [iter=2] HEARTBEAT target_type=call_site elapsed_min=192.1 files_done=48 resolved=3376 errors=2344 current=tests/test_tasks.py
[2026-09-15T23:37:01Z] [iter=2] HEARTBEAT target_type=call_site elapsed_min=229.8 files_done=49 resolved=3652 errors=2822 current=src/prefect/server/database/orm_models.py
[2026-09-15T23:45:16Z] [iter=2] HEARTBEAT target_type=call_site elapsed_min=238.0 files_done=50 resolved=3660 errors=2928 current=src/prefect/server/database/migrations/versions/postgresql/2022_05_28_081821_2fe6fe6ca16e_adds_block_schema_references_and_block_.py
[2026-09-15T23:46:36Z] [iter=2] HEARTBEAT target_type=call_site elapsed_min=239.4 files_done=51 resolved=3660 errors=2945 current=src/prefect/task_worker.py
[2026-09-15T23:47:27Z] [iter=2] CHECKPOINT TRIGGERED elapsed_min=240.2 files_completed=112 new_files_this_iter=51 mem_mb=2473 MB
[2026-09-15T23:47:27Z] [iter=2] Writing partial enrichment graph path=/home/runner/work/forx/forx/storage/aggregate/lsp/eb0e40c29398e8705ce7a2286828945fe488fa8d.nq.gz triples=128170
[2026-09-15T23:47:30Z] [iter=2] Checkpoint written, exiting with code 7
[2026-09-15T23:47:30Z] [iter=2] PHASE END: enrich (checkpointed) elapsed_s=14413 elapsed_min=240.2 files_completed=112
