[2026-05-11T07:53:21Z] === ENRICH ITERATION 7 START | repo=PrefectHQ/prefect sha=ee531648 ===
[2026-05-11T07:53:21Z] [iter=7] PHASE START: enrich repo=PrefectHQ/prefect sha=ee531648 runlog=/home/runner/work/forx/forx/storage/aggregate/lsp/logs/ee531648-enrich-iter-007.log output=/home/runner/work/forx/forx/storage/aggregate/lsp/ee531648b970b255057701acb167c2882c297ea1.nq.gz
[2026-05-11T07:54:10Z] [iter=7] Step 1: Loading AST into disk-backed store mem_mb=78 MB
[2026-05-11T07:59:28Z] [iter=7] AST store loaded triples=24747221 load_secs=308 mem_mb=1134 MB
[2026-05-11T07:59:28Z] [iter=7] Step 2: Finding LSP targets mem_mb=1134 MB
[2026-05-11T08:00:37Z] [iter=7] LSP targets found call_sites=172260 imports=20441 extends=3015 implements=0 secs=69
[2026-05-11T08:00:45Z] [iter=7] Loaded checkpoint partial graph triples=174578
[2026-05-11T08:01:48Z] [iter=7] Step 2.7: Building position index (one-shot, shared across resolvers) mem_mb=1134 MB
[2026-05-11T08:04:46Z] [iter=7] Position index built positions=1697363 nodes_with_types=2154896 secs=178 mem_mb=4106 MB
[2026-05-11T08:04:46Z] [iter=7] Step 3: Starting LSP resolution mem_mb=4106 MB already_completed_types=[] already_completed_files=68
[2026-05-11T08:04:46Z] [iter=7] Resolving target type target_type=call_site count=172260
[2026-05-11T08:04:47Z] [iter=7] HEARTBEAT target_type=call_site elapsed_min=11.4 files_done=0 resolved=0 errors=0 current=src/prefect/deployments/base.py
[2026-05-11T08:15:12Z] [iter=7] HEARTBEAT target_type=call_site elapsed_min=21.8 files_done=1 resolved=7 errors=62 current=src/prefect/server/database/alembic_commands.py
[2026-05-11T08:16:23Z] [iter=7] HEARTBEAT target_type=call_site elapsed_min=23.0 files_done=2 resolved=15 errors=69 current=src/prefect/_vendor/croniter/croniter.py
[2026-05-11T08:41:31Z] [iter=7] HEARTBEAT target_type=call_site elapsed_min=48.2 files_done=3 resolved=171 errors=218 current=src/integrations/prefect-aws/tests/workers/test_ecs_worker.py
[2026-05-11T10:29:26Z] [iter=7] HEARTBEAT target_type=call_site elapsed_min=156.1 files_done=4 resolved=264 errors=864 current=src/prefect/blocks/core.py
[2026-05-11T11:13:13Z] [iter=7] HEARTBEAT target_type=call_site elapsed_min=199.9 files_done=5 resolved=387 errors=1127 current=src/integrations/prefect-dbt/tests/core/test_orchestrator_integration.py
[2026-05-11T11:30:59Z] [iter=7] HEARTBEAT target_type=call_site elapsed_min=217.6 files_done=6 resolved=420 errors=1234 current=src/prefect/server/database/_migrations/versions/postgresql/2024_12_04_165333_5d03c01be85e_sync_orm_models_and_migrations.py
[2026-05-11T11:44:58Z] [iter=7] HEARTBEAT target_type=call_site elapsed_min=231.6 files_done=8 resolved=487 errors=1318 current=tests/test_tasks.py
[2026-05-11T11:54:17Z] [iter=7] CHECKPOINT TRIGGERED elapsed_min=240.9 files_completed=76 new_files_this_iter=8 mem_mb=4141 MB
[2026-05-11T11:54:17Z] [iter=7] Writing partial enrichment graph path=/home/runner/work/forx/forx/storage/aggregate/lsp/ee531648b970b255057701acb167c2882c297ea1.nq.gz triples=185205
[2026-05-11T11:54:21Z] [iter=7] Checkpoint written, exiting with code 7
[2026-05-11T11:54:21Z] [iter=7] PHASE END: enrich (checkpointed) elapsed_s=14456 elapsed_min=240.9 files_completed=76
